
> client@0.0.0 build
> ng build --output-hashing=none

[33mÔØ»[39m Building...
[32mÔ£ö[39m Building...
Application bundle generation failed. [3.140 seconds] - 2026-02-12T15:08:38.222Z

node.exe : 
[1m[33m[33mÔû▓ [43
;33m[[43;30mWARNING[
43;33m][0m 
[1mNG8113: 
NavbarComponent is 
not used within the 
template of 
AppComponent[0m 
[1m[35m[plugin 
angular-compiler][0m
En línea: 1 Carácter: 
1
+ & "C:\nvm4w\nodejs/n
ode.exe" "C:\nvm4w\nod
ejs/node_modules/npm/b
in/np ...
+ ~~~~~~~~~~~~~~~~~~~~
~~~~~~~~~~~~~~~~~~~~~~
~~~~~~~~~~~~~~~~~~~~~~
~~~~~
    + CategoryInfo    
          : NotSpeci  
  fied: ([1m[33m   
 [33mÔ...r-compile    
r][0m:String) []    
, RemoteException
    + FullyQualifiedE 
   rrorId : NativeCo  
  mmandError
 

    src/app/app.compon
ent.ts:16:26:
[37m      16 Ôöé   
imports: 
[RouterOutlet, [32mNa
vbarComponent[37m, 
SidebarComponent, 
HypeB...
         ÔòÁ          
                 [32m
~~~~~~~~~~~~~~~[0m

[39m[22m
[1m[31m[31mX [41;3
1m[[41;97mERROR[41;3
1m][0m [1mTS2307: 
Cannot find module '@a
ngular/common/http' 
or its corresponding 
type 
declarations.[0m 
[1m[35m[plugin 
angular-compiler][0m

    src/app/components
/hype-bar/hype-bar.com
ponent.ts:8:27:
[37m      8 Ôöé 
import { HttpClient } 
from [32m'@angular/co
mmon/http'[37m;
        ÔòÁ           
                 [32m
~~~~~~~~~~~~~~~~~~~~~~
[0m


[31mX [41;31m[[41;9
7mERROR[41;31m][0m 
[1mTS2571: Object is 
of type 
'unknown'.[0m 
[1m[35m[plugin 
angular-compiler][0m

    src/app/components
/hype-bar/hype-bar.com
ponent.ts:136:40:
[37m      136 Ôöé 
...onst response: any 
= await [32mthis.http
[37m.get(`${this.apiU
rl}/live`...
          ÔòÁ         
                      
[32m~~~~~~~~~[0m


[31mX [41;31m[[41;9
7mERROR[41;31m][0m 
[1mTS7006: Parameter 
'err' implicitly has 
an 'any' type.[0m 
[1m[35m[plugin 
angular-compiler][0m

    src/app/components
/settings-modal/settin
gs-modal.component.ts:
288:20:
[37m      288 Ôöé    
         error: 
([32merr[37m) => 
console.error('Error 
saving settings'...
          ÔòÁ         
            
[32m~~~[0m


[31mX [41;31m[[41;9
7mERROR[41;31m][0m 
[1mTS2307: Cannot 
find module '@angular/
common/http' or its 
corresponding type 
declarations.[0m 
[1m[35m[plugin 
angular-compiler][0m

    src/app/services/c
ontent.service.ts:2:27
:
[37m      2 Ôöé 
import { HttpClient } 
from [32m'@angular/co
mmon/http'[37m;
        ÔòÁ           
                 [32m
~~~~~~~~~~~~~~~~~~~~~~
[0m


[31mX [41;31m[[41;9
7mERROR[41;31m][0m 
[1mTS2571: Object is 
of type 
'unknown'.[0m 
[1m[35m[plugin 
angular-compiler][0m

    src/app/services/c
ontent.service.ts:33:1
5:
[37m      33 Ôöé     
    return [32mthis.h
ttp[37m.post<NewsResp
onse>(`${this.apiUrl}/
news`,...
         ÔòÁ          
      
[32m~~~~~~~~~[0m


[31mX [41;31m[[41;9
7mERROR[41;31m][0m 
[1mTS2571: Object is 
of type 
'unknown'.[0m 
[1m[35m[plugin 
angular-compiler][0m

    src/app/services/c
ontent.service.ts:42:1
5:
[37m      42 Ôöé     
    return [32mthis.h
ttp[37m.get<CalendarR
esponse>(`${this.apiUr
l}/cal...
         ÔòÁ          
      
[32m~~~~~~~~~[0m


[31mX [41;31m[[41;9
7mERROR[41;31m][0m 
[1mTS2307: Cannot 
find module '@angular/
common/http' or its 
corresponding type 
declarations.[0m 
[1m[35m[plugin 
angular-compiler][0m

    src/app/services/e
vent.service.ts:6:27:
[37m      6 Ôöé 
import { HttpClient } 
from [32m'@angular/co
mmon/http'[37m;
        ÔòÁ           
                 [32m
~~~~~~~~~~~~~~~~~~~~~~
[0m


[31mX [41;31m[[41;9
7mERROR[41;31m][0m 
[1mTS2571: Object is 
of type 
'unknown'.[0m 
[1m[35m[plugin 
angular-compiler][0m

    src/app/services/e
vent.service.ts:42:40:
[37m      42 Ôöé 
...onst response: any 
= await [32mthis.http
[37m.get(`${this.apiU
rl}/upcomi...
         ÔòÁ          
                     
[32m~~~~~~~~~[0m


[31mX [41;31m[[41;9
7mERROR[41;31m][0m 
[1mTS2571: Object is 
of type 
'unknown'.[0m 
[1m[35m[plugin 
angular-compiler][0m

    src/app/services/e
vent.service.ts:58:40:
[37m      58 Ôöé 
...onst response: any 
= await [32mthis.http
[37m.post(`${this.api
Url}/rumor...
         ÔòÁ          
                     
[32m~~~~~~~~~[0m


[31mX [41;31m[[41;9
7mERROR[41;31m][0m 
[1mTS2307: Cannot 
find module '@angular/
common/http' or its 
corresponding type 
declarations.[0m 
[1m[35m[plugin 
angular-compiler][0m

    src/app/services/l
lm-settings.service.ts
:2:27:
[37m      2 Ôöé 
import { HttpClient } 
from [32m'@angular/co
mmon/http'[37m;
        ÔòÁ           
                 [32m
~~~~~~~~~~~~~~~~~~~~~~
[0m


[31mX [41;31m[[41;9
7mERROR[41;31m][0m 
[1mNG2003: No 
suitable injection 
token for parameter 
'http' of class 
'LlmSettingsService'.
  Consider using the 
@Inject decorator to 
specify an injection 
token.[0m 
[1m[35m[plugin 
angular-compiler][0m

    src/app/services/l
lm-settings.service.ts
:23:24:
[37m      23 Ôöé     
constructor(private 
[32mhttp[37m: 
HttpClient) {
         ÔòÁ          
               
[32m~~~~[0m

  This type does not 
have a value, so it 
cannot be used as 
injection token.

    src/app/services/l
lm-settings.service.ts
:23:30:
[37m      23 Ôöé     
constructor(private 
http: 
[32mHttpClient[37m) 
{
         ÔòÁ          
                     
[32m~~~~~~~~~~[0m


[31mX [41;31m[[41;9
7mERROR[41;31m][0m 
[1mTS7006: Parameter 
'data' implicitly has 
an 'any' type.[0m 
[1m[35m[plugin 
angular-compiler][0m

    src/app/services/l
lm-settings.service.ts
:30:19:
[37m      30 Ôöé     
        next: 
([32mdata[37m) => {
         ÔòÁ          
          
[32m~~~~[0m


[31mX [41;31m[[41;9
7mERROR[41;31m][0m 
[1mTS7006: Parameter 
'err' implicitly has 
an 'any' type.[0m 
[1m[35m[plugin 
angular-compiler][0m

    src/app/services/l
lm-settings.service.ts
:34:20:
[37m      34 Ôöé     
        error: 
([32merr[37m) => {
         ÔòÁ          
           
[32m~~~[0m


[31mX [41;31m[[41;9
7mERROR[41;31m][0m 
[1mTS18046: 
'response' is of type 
'unknown'.[0m 
[1m[35m[plugin 
angular-compiler][0m

    src/app/services/l
lm-settings.service.ts
:47:34:
[37m      47 Ôöé     
            this.setti
ngs.set([32mresponse
[37m.settings);
         ÔòÁ          
                      
   [32m~~~~~~~~[0m


[31mX [41;31m[[41;9
7mERROR[41;31m][0m 
[1mTS2307: Cannot 
find module '@angular/
common/http' or its 
corresponding type 
declarations.[0m 
[1m[35m[plugin 
angular-compiler][0m

    src/app/services/l
ore-master.service.ts:
6:27:
[37m      6 Ôöé 
import { HttpClient } 
from [32m'@angular/co
mmon/http'[37m;
        ÔòÁ           
                 [32m
~~~~~~~~~~~~~~~~~~~~~~
[0m


[31mX [41;31m[[41;9
7mERROR[41;31m][0m 
[1mNG2003: No 
suitable injection 
token for parameter 
'http' of class 
'LoreMasterService'.
  Consider using the 
@Inject decorator to 
specify an injection 
token.[0m 
[1m[35m[plugin 
angular-compiler][0m

    src/app/services/l
ore-master.service.ts:
47:24:
[37m      47 Ôöé     
constructor(private 
[32mhttp[37m: 
HttpClient) { }
         ÔòÁ          
               
[32m~~~~[0m

  This type does not 
have a value, so it 
cannot be used as 
injection token.

    src/app/services/l
ore-master.service.ts:
47:30:
[37m      47 Ôöé     
constructor(private 
http: 
[32mHttpClient[37m) 
{ }
         ÔòÁ          
                     
[32m~~~~~~~~~~[0m


[31mX [41;31m[[41;9
7mERROR[41;31m][0m 
[1mTS2345: Argument 
of type 'unknown' is 
not assignable to 
parameter of type 
'LoreData | 
null'.[0m 
[1m[35m[plugin 
angular-compiler][0m

    src/app/services/l
ore-master.service.ts:
61:33:
[37m      61 Ôöé     
        this.currentLo
re.set([32mresult[37
m);
         ÔòÁ          
                      
  [32m~~~~~~[0m


[31mX [41;31m[[41;9
7mERROR[41;31m][0m 
[1mTS2322: Type 
'unknown' is not 
assignable to type 
'LoreData'.[0m 
[1m[35m[plugin 
angular-compiler][0m

    src/app/services/l
ore-master.service.ts:
62:12:
[37m      62 Ôöé     
        
[32mreturn[37m 
result;
         ÔòÁ          
   [32m~~~~~~[0m


[31mX [41;31m[[41;9
7mERROR[41;31m][0m 
[1mTS2345: Argument 
of type 'unknown' is 
not assignable to 
parameter of type 
'CharacterMapData | 
null'.[0m 
[1m[35m[plugin 
angular-compiler][0m

    src/app/services/l
ore-master.service.ts:
83:34:
[37m      83 Ôöé     
        this.character
Map.set([32mresult[3
7m);
         ÔòÁ          
                      
   [32m~~~~~~[0m


[31mX [41;31m[[41;9
7mERROR[41;31m][0m 
[1mTS2322: Type 
'unknown' is not 
assignable to type 'Ch
aracterMapData'.[0m 
[1m[35m[plugin 
angular-compiler][0m

    src/app/services/l
ore-master.service.ts:
84:12:
[37m      84 Ôöé     
        
[32mreturn[37m 
result;
         ÔòÁ          
   [32m~~~~~~[0m


[31mX [41;31m[[41;9
7mERROR[41;31m][0m 
[1mTS2307: Cannot 
find module '@angular/
common/http' or its 
corresponding type 
declarations.[0m 
[1m[35m[plugin 
angular-compiler][0m

    src/app/services/p
atch-analyst.service.t
s:6:27:
[37m      6 Ôöé 
import { HttpClient } 
from [32m'@angular/co
mmon/http'[37m;
        ÔòÁ           
                 [32m
~~~~~~~~~~~~~~~~~~~~~~
[0m


[31mX [41;31m[[41;9
7mERROR[41;31m][0m 
[1mTS2571: Object is 
of type 
'unknown'.[0m 
[1m[35m[plugin 
angular-compiler][0m

    src/app/services/p
atch-analyst.service.t
s:52:40:
[37m      52 Ôöé 
...onst response: any 
= await [32mthis.http
[37m.post(`${this.api
Url}/analy...
         ÔòÁ          
                     
[32m~~~~~~~~~[0m


[31mX [41;31m[[41;9
7mERROR[41;31m][0m 
[1mTS2307: Cannot 
find module '@angular/
common/http' or its 
corresponding type 
declarations.[0m 
[1m[35m[plugin 
angular-compiler][0m

    src/app/services/p
rice-hunter.service.ts
:6:27:
[37m      6 Ôöé 
import { HttpClient } 
from [32m'@angular/co
mmon/http'[37m;
        ÔòÁ           
                 [32m
~~~~~~~~~~~~~~~~~~~~~~
[0m


[31mX [41;31m[[41;9
7mERROR[41;31m][0m 
[1mNG2003: No 
suitable injection 
token for parameter 
'http' of class 
'PriceHunterService'.
  Consider using the 
@Inject decorator to 
specify an injection 
token.[0m 
[1m[35m[plugin 
angular-compiler][0m

    src/app/services/p
rice-hunter.service.ts
:40:24:
[37m      40 Ôöé     
constructor(private 
[32mhttp[37m: 
HttpClient) { }
         ÔòÁ          
               
[32m~~~~[0m

  This type does not 
have a value, so it 
cannot be used as 
injection token.

    src/app/services/p
rice-hunter.service.ts
:40:30:
[37m      40 Ôöé     
constructor(private 
http: 
[32mHttpClient[37m) 
{ }
         ÔòÁ          
                     
[32m~~~~~~~~~~[0m


[31mX [41;31m[[41;9
7mERROR[41;31m][0m 
[1mTS2345: Argument 
of type 'unknown' is 
not assignable to 
parameter of type 
'DealSearchResult | 
null'.[0m 
[1m[35m[plugin 
angular-compiler][0m

    src/app/services/p
rice-hunter.service.ts
:51:34:
[37m      51 Ôöé     
        this.currentDe
als.set([32mresult[3
7m);
         ÔòÁ          
                      
   [32m~~~~~~[0m


[31mX [41;31m[[41;9
7mERROR[41;31m][0m 
[1mTS2322: Type 
'unknown' is not 
assignable to type 'De
alSearchResult'.[0m 
[1m[35m[plugin 
angular-compiler][0m

    src/app/services/p
rice-hunter.service.ts
:52:12:
[37m      52 Ôöé     
        
[32mreturn[37m 
result;
         ÔòÁ          
   [32m~~~~~~[0m


[31mX [41;31m[[41;9
7mERROR[41;31m][0m 
[1mTS2345: Argument 
of type 'unknown' is 
not assignable to 
parameter of type 
'DealSearchResult | 
null'.[0m 
[1m[35m[plugin 
angular-compiler][0m

    src/app/services/p
rice-hunter.service.ts
:74:34:
[37m      74 Ôöé     
        this.currentDe
als.set([32mresult[3
7m);
         ÔòÁ          
                      
   [32m~~~~~~[0m


[31mX [41;31m[[41;9
7mERROR[41;31m][0m 
[1mTS2322: Type 
'unknown' is not 
assignable to type 'De
alSearchResult'.[0m 
[1m[35m[plugin 
angular-compiler][0m

    src/app/services/p
rice-hunter.service.ts
:75:12:
[37m      75 Ôöé     
        
[32mreturn[37m 
result;
         ÔòÁ          
   [32m~~~~~~[0m


[31mX [41;31m[[41;9
7mERROR[41;31m][0m 
[1mTS2307: Cannot 
find module '@angular/
common/http' or its 
corresponding type 
declarations.[0m 
[1m[35m[plugin 
angular-compiler][0m

    src/app/services/t
ime2play.service.ts:6:
27:
[37m      6 Ôöé 
import { HttpClient } 
from [32m'@angular/co
mmon/http'[37m;
        ÔòÁ           
                 [32m
~~~~~~~~~~~~~~~~~~~~~~
[0m


[31mX [41;31m[[41;9
7mERROR[41;31m][0m 
[1mNG2003: No 
suitable injection 
token for parameter 
'http' of class 
'Time2PlayService'.
  Consider using the 
@Inject decorator to 
specify an injection 
token.[0m 
[1m[35m[plugin 
angular-compiler][0m

    src/app/services/t
ime2play.service.ts:78
:24:
[37m      78 Ôöé     
constructor(private 
[32mhttp[37m: 
HttpClient) { }
         ÔòÁ          
               
[32m~~~~[0m

  This type does not 
have a value, so it 
cannot be used as 
injection token.

    src/app/services/t
ime2play.service.ts:78
:30:
[37m      78 Ôöé     
constructor(private 
http: 
[32mHttpClient[37m) 
{ }
         ÔòÁ          
                     
[32m~~~~~~~~~~[0m


[31mX [41;31m[[41;9
7mERROR[41;31m][0m 
[1mTS2345: Argument 
of type 'unknown' is 
not assignable to 
parameter of type 
'GameTimeData | 
null'.[0m 
[1m[35m[plugin 
angular-compiler][0m

    src/app/services/t
ime2play.service.ts:89
:33:
[37m      89 Ôöé     
        this.currentGa
me.set([32mresult[37
m);
         ÔòÁ          
                      
  [32m~~~~~~[0m


[31mX [41;31m[[41;9
7mERROR[41;31m][0m 
[1mTS2322: Type 
'unknown' is not 
assignable to type 
'GameTimeData'.[0m 
[1m[35m[plugin 
angular-compiler][0m

    src/app/services/t
ime2play.service.ts:90
:12:
[37m      90 Ôöé     
        
[32mreturn[37m 
result;
         ÔòÁ          
   [32m~~~~~~[0m


[31mX [41;31m[[41;9
7mERROR[41;31m][0m 
[1mTS2345: Argument 
of type 'unknown' is 
not assignable to 
parameter of type 
'BacklogData | 
null'.[0m 
[1m[35m[plugin 
angular-compiler][0m

    src/app/services/t
ime2play.service.ts:10
9:33:
[37m      109 Ôöé    
         this.backlogD
ata.set([32mresult[3
7m);
          ÔòÁ         
                      
   [32m~~~~~~[0m


[31mX [41;31m[[41;9
7mERROR[41;31m][0m 
[1mTS2322: Type 
'unknown' is not 
assignable to type 
'BacklogData'.[0m 
[1m[35m[plugin 
angular-compiler][0m

    src/app/services/t
ime2play.service.ts:11
0:12:
[37m      110 Ôöé    
         
[32mreturn[37m 
result;
          ÔòÁ         
    [32m~~~~~~[0m


[31mX [41;31m[[41;9
7mERROR[41;31m][0m 
[1mTS2345: Argument 
of type 'unknown' is 
not assignable to 
parameter of type 
'MarathonData | 
null'.[0m 
[1m[35m[plugin 
angular-compiler][0m

    src/app/services/t
ime2play.service.ts:13
2:34:
[37m      132 Ôöé    
         this.marathon
Data.set([32mresult[
37m);
          ÔòÁ         
                      
    [32m~~~~~~[0m


[31mX [41;31m[[41;9
7mERROR[41;31m][0m 
[1mTS2322: Type 
'unknown' is not 
assignable to type 
'MarathonData'.[0m 
[1m[35m[plugin 
angular-compiler][0m

    src/app/services/t
ime2play.service.ts:13
3:12:
[37m      133 Ôöé    
         
[32mreturn[37m 
result;
          ÔòÁ         
    [32m~~~~~~[0m

[39m[22m
