python : C:\Users\joelr\AppData\Local\
Python\pythoncore-3.14-64\Lib\site-pac
kages\langchain_core\_api\deprecation.
py:25: UserWarning: Core Pydantic V1 
functionality isn't compatible with 
Python 3.14 or greater.
En línea: 1 Carácter: 1
+ python test_agents.py > 
test_output.txt 2>&1
+ ~~~~~~~~~~~~~~~~~~~~~~~~~~~~~~~~~~~~
~~~~~~~~
    + CategoryInfo          : NotSpec 
   ified: (C:\Users\joelr\....14 or   
  greater.:String) [], RemoteExcept   
 ion
    + FullyQualifiedErrorId : NativeC 
   ommandError
 
  from pydantic.v1.fields import 
FieldInfo as FieldInfoV1
C:\Users\joelr\Desktop\ProyectoNexus\s
erver\llm_config.py:5: FutureWarning: 

All support for the 
`google.generativeai` package has 
ended. It will no longer be receiving 
updates or bug fixes. Please switch 
to the `google.genai` package as soon 
as possible.
See README for more details:

https://github.com/google-gemini/depre
cated-generative-ai-python/blob/main/R
EADME.md

  import google.generativeai as genai
=== STARTING AGENT SYSTEM CHECK ===

[1/5] Testing NewsScout...
Traceback (most recent call last):
  File "C:\Users\joelr\Desktop\Proyect
oNexus\server\test_agents.py", line 
24, in test_all
    result = await 
news_agent.search("Elden Ring")
                   
~~~~~~~~~~~~~~~~~^^^^^^^^^^^^^^
TypeError: NewsScoutAgent.search() 
missing 1 required positional 
argument: 'query'

During handling of the above 
exception, another exception occurred:

Traceback (most recent call last):
  File "C:\Users\joelr\Desktop\Proyect
oNexus\server\test_agents.py", line 
88, in <module>
    asyncio.run(test_all())
    ~~~~~~~~~~~^^^^^^^^^^^^
  File "C:\Users\joelr\AppData\Local\P
ython\pythoncore-3.14-64\Lib\asyncio\r
unners.py", line 204, in run
    return runner.run(main)
           ~~~~~~~~~~^^^^^^
  File "C:\Users\joelr\AppData\Local\P
ython\pythoncore-3.14-64\Lib\asyncio\r
unners.py", line 127, in run
    return 
self._loop.run_until_complete(task)
           
~~~~~~~~~~~~~~~~~~~~~~~~~~~~~^^^^^^
  File "C:\Users\joelr\AppData\Local\P
ython\pythoncore-3.14-64\Lib\asyncio\b
ase_events.py", line 719, in 
run_until_complete
    return future.result()
           ~~~~~~~~~~~~~^^
  File "C:\Users\joelr\Desktop\Proyect
oNexus\server\test_agents.py", line 
31, in test_all
    print(f"\u274c NewsScout 
EXCEPTION: {e}")
    
~~~~~^^^^^^^^^^^^^^^^^^^^^^^^^^^^^^^^
  File "C:\Users\joelr\AppData\Local\P
ython\pythoncore-3.14-64\Lib\encodings
\cp1252.py", line 19, in encode
    return codecs.charmap_encode(input
,self.errors,encoding_table)[0]
           ~~~~~~~~~~~~~~~~~~~~~^^^^^^
^^^^^^^^^^^^^^^^^^^^^^^^^^^^
UnicodeEncodeError: 'charmap' codec 
can't encode character '\u274c' in 
position 0: character maps to 
<undefined>
